<?xml version="1.0" encoding="UTF-8" standalone="no"?>
<testsuite failures="0" name="cucumber.runtime.formatter.JUnitFormatter" skipped="0" tests="4" time="0.196724">
<testcase classname="Fruit Basket" name="Basket checkout with bananas and apples" time="0.195508">
<system-out><![CDATA[Given the price of a "banana" is 15.0.......................................passed
And the price of a "apple" is 10.0..........................................passed
When I add 1 "banana" to my basket..........................................passed
And I add 1 "apple" to my basket............................................passed
Then I should checkout with a total amount of 25.0..........................passed
]]></system-out>
</testcase>
<testcase classname="Fruit Basket" name="Basket checkout with bananas and apples 2" time="0.000512">
<system-out><![CDATA[Given the price of a "banana" is 10.0.......................................passed
And the price of a "apple" is 5.0...........................................passed
When I add 2 "banana" to my basket..........................................passed
And I add 3 "apple" to my basket............................................passed
Then I should checkout with a total amount of 35.0..........................passed
]]></system-out>
</testcase>
<testcase classname="Fruit Basket" name="Error case -&gt; adding unsuported fruit to a basket" time="0.000297">
<system-out><![CDATA[Given I add 1 "banana" to my basket.........................................passed
When I add 1 "lemon" to my basket...........................................passed
Then I should get the message "article not supported".......................passed
]]></system-out>
</testcase>
<testcase classname="Fruit Basket" name="Error case -&gt; basket with a negative quantity" time="0.000407">
<system-out><![CDATA[Given I add 1 "banana" to my basket.........................................passed
When I remove 2 "banana" to my basket.......................................passed
Then I should get the message "wrong quantity"..............................passed
When I remove 1 "apple" to my basket........................................passed
Then I should get the message "wrong quantity"..............................passed
]]></system-out>
</testcase>
</testsuite>
